
  pgfathom v0.7.0-test · PostgreSQL 16.2 · profile pt-br · threshold 0.50
  ! sampled validation (100000 rows/table target) — orphan counts are floors, nothing here is confirmed; re-run with --full to prove absence

  BROKEN — the relationship is real; its integrity is not  (1)
  ────────────────────────────────────────────────────────────────────────────────────────────────
  relation                                         rows   values  orphan rows  orphan values  examined  method
  public.nota_fiscal.pedido_id → public.pedido.id  99.8%  100.0%  1284         12             812.4k    sampled

  CONFIRMED — total containment, verified row by row  (0)
  ────────────────────────────────────────────────────────────────────────────────────────────────
  none

  WEAK — the data supports no conclusion either way  (2)
  ────────────────────────────────────────────────────────────────────────────────────────────────
  relation                                      rows    values  orphan rows  orphan values  examined  method
  public.pedido.cliente_id → public.cliente.id  100.0%  100.0%  0            0              1.3M      sampled  probable: no orphans in the sample, but only --full can prove absence
  public.item.produto_id → public.produto.id    70.0%   70.0%   12000        270            40.0k     sampled  containment 70% sits between rejection and breakage: a human call

  UNVALIDATED — no evidence gathered; not the same as clean  (1)
  ────────────────────────────────────────────────────────────────────────────────────────────────
  public.log.usuario_id → public.usuario.id  0.82  validation exceeded the time ceiling

  DETECTED — conventions read from the schema itself, added to pt-br
  ────────────────────────────────────────────────────────────────────────────────────────────────
  reference suffix  _id  102 occurrences (22%)

  1 broken · 0 confirmed · 2 weak · 1 unvalidated · 0 discarded · 4.2s
  4 tables · 4 analyzed
  stats prefilter off — no planner-statistics check was applied
  ! statistics reset time unknown — usage counters carry no meaning

  ! sampled run: nothing above is confirmed and every orphan count is a floor. Re-run with --full before acting on absence.

