candidates
candidates[].child
candidates[].child.column
candidates[].child.schema
candidates[].child.table
candidates[].meta_score
candidates[].parent
candidates[].parent.column
candidates[].parent.schema
candidates[].parent.table
candidates[].reason
candidates[].signals
candidates[].signals[].kind
candidates[].signals[].weight
candidates[].validation
candidates[].validation.distinct_vals
candidates[].validation.duration_ns
candidates[].validation.max_rows_per_value
candidates[].validation.method
candidates[].validation.not_null_rows
candidates[].validation.orphan_rows
candidates[].validation.orphan_vals
candidates[].validation.sampled_rows
candidates[].verdict
coverage
coverage.candidates_found
coverage.candidates_stats_checked
coverage.candidates_stats_rejected
coverage.candidates_timed_out
coverage.candidates_validated
coverage.candidates_without_stats
coverage.pg_stat_statements
coverage.stats_prefilter
coverage.stats_reset_at
coverage.tables_analyzed
coverage.tables_excluded
coverage.tables_no_privilege
coverage.tables_total
coverage.tables_unsupported
coverage.tables_unsupported[].reason
coverage.tables_unsupported[].table
discarded
discarded[].child
discarded[].child.column
discarded[].child.schema
discarded[].child.table
discarded[].meta_score
discarded[].parent
discarded[].parent.column
discarded[].parent.schema
discarded[].parent.table
discarded[].reason
discarded[].signals
discarded[].signals[].kind
discarded[].signals[].weight
discarded[].verdict
duration_ns
findings
findings[].detail
findings[].kind
findings[].metrics
findings[].metrics.rows
findings[].object
generated_at
naming_detection
naming_detection.column_prefixes
naming_detection.column_prefixes[].affix
naming_detection.column_prefixes[].occurrences
naming_detection.column_prefixes[].share
naming_detection.column_suffixes
naming_detection.column_suffixes[].affix
naming_detection.column_suffixes[].occurrences
naming_detection.column_suffixes[].share
naming_detection.declared_keys
naming_detection.enabled
naming_detection.table_prefixes
naming_detection.table_prefixes[].affix
naming_detection.table_prefixes[].occurrences
naming_detection.table_prefixes[].share
naming_detection.tables
profile
schema_version
schemas
schemas[].name
schemas[].tables
schemas[].tables[].columns
schemas[].tables[].columns[].base_type
schemas[].tables[].columns[].comment
schemas[].tables[].columns[].default
schemas[].tables[].columns[].name
schemas[].tables[].columns[].nullable
schemas[].tables[].columns[].position
schemas[].tables[].columns[].type
schemas[].tables[].comment
schemas[].tables[].foreign_keys
schemas[].tables[].foreign_keys[].columns
schemas[].tables[].foreign_keys[].has_index
schemas[].tables[].foreign_keys[].name
schemas[].tables[].foreign_keys[].ref_columns
schemas[].tables[].foreign_keys[].ref_schema
schemas[].tables[].foreign_keys[].ref_table
schemas[].tables[].foreign_keys[].validated
schemas[].tables[].indexes
schemas[].tables[].indexes[].columns
schemas[].tables[].indexes[].name
schemas[].tables[].indexes[].primary
schemas[].tables[].indexes[].unique
schemas[].tables[].inherits
schemas[].tables[].name
schemas[].tables[].partitioned
schemas[].tables[].primary_key
schemas[].tables[].schema
schemas[].tables[].stats
schemas[].tables[].stats.estimated_rows
schemas[].tables[].stats.total_bytes
schemas[].tables[].stats.usage
schemas[].tables[].stats.usage.counters
schemas[].tables[].stats.usage.counters.deletes
schemas[].tables[].stats.usage.counters.idx_scans
schemas[].tables[].stats.usage.counters.inserts
schemas[].tables[].stats.usage.counters.seq_scans
schemas[].tables[].stats.usage.counters.updates
schemas[].tables[].stats.usage.stats_reset_at
schemas[].tables[].uniques
server_version
tool
tool_version
